Training 2 agents using duelingDQN algorithm for 2000 episodes with a maximum of 200 steps per episode.
/Users/enrico/Università/5-Anno/5.2-Semestre/Autonomous_and_Adaptive_Systems/AAS-Project/Stag-Hunt/aasvenv/lib/python3.12/site-packages/gymnasium/utils/passive_env_checker.py:244: UserWarning: [33mWARN: The reward returned by `step()` must be a float, int, np.integer or np.floating, actual type: <class 'tuple'>[0m
  logger.warn(
/Users/enrico/Università/5-Anno/5.2-Semestre/Autonomous_and_Adaptive_Systems/AAS-Project/Stag-Hunt/src/agents/duelingdqn_agent.py:131: UserWarning: Creating a tensor from a list of numpy.ndarrays is extremely slow. Please consider converting the list to a single numpy.ndarray with numpy.array() before converting to a tensor. (Triggered internally at /Users/runner/work/pytorch/pytorch/torch/csrc/utils/tensor_new.cpp:255.)
  states = torch.tensor(states, dtype=torch.float32).to(self.device)
[EP 1/2000] -> Total reward: -217.0	| Stags: 0	| Maulings: 73	| Forage: 2 | Mean Q-value: -0.1434	| Epsilon: 0.9950
[EP 51/2000] -> Total reward: -128.0	| Stags: 0	| Maulings: 43	| Forage: 1 | Mean Q-value: 2.3268	| Epsilon: 0.7744
[EP 101/2000] -> Total reward: -89.0	| Stags: 0	| Maulings: 30	| Forage: 1 | Mean Q-value: 3.8268	| Epsilon: 0.6027
[EP 151/2000] -> Total reward: -82.0	| Stags: 0	| Maulings: 29	| Forage: 5 | Mean Q-value: 4.0738	| Epsilon: 0.4691
[EP 201/2000] -> Total reward: -36.0	| Stags: 0	| Maulings: 13	| Forage: 3 | Mean Q-value: 4.5499	| Epsilon: 0.3651
[EP 251/2000] -> Total reward: -51.0	| Stags: 0	| Maulings: 18	| Forage: 3 | Mean Q-value: 5.1319	| Epsilon: 0.2842
[EP 301/2000] -> Total reward: -20.0	| Stags: 0	| Maulings: 8	| Forage: 4 | Mean Q-value: 5.5189	| Epsilon: 0.2212
[EP 351/2000] -> Total reward: -16.0	| Stags: 0	| Maulings: 7	| Forage: 5 | Mean Q-value: 5.0300	| Epsilon: 0.1721
[EP 401/2000] -> Total reward: -18.0	| Stags: 0	| Maulings: 6	| Forage: 0 | Mean Q-value: 4.8163	| Epsilon: 0.1340
[EP 451/2000] -> Total reward: -22.0	| Stags: 0	| Maulings: 8	| Forage: 2 | Mean Q-value: 4.5218	| Epsilon: 0.1043
[EP 501/2000] -> Total reward: -11.0	| Stags: 0	| Maulings: 4	| Forage: 1 | Mean Q-value: 3.7730	| Epsilon: 0.1000
[EP 551/2000] -> Total reward: -18.0	| Stags: 0	| Maulings: 7	| Forage: 3 | Mean Q-value: 3.2146	| Epsilon: 0.1000
[EP 601/2000] -> Total reward: -6.0	| Stags: 0	| Maulings: 2	| Forage: 0 | Mean Q-value: 3.2171	| Epsilon: 0.1000
[EP 651/2000] -> Total reward: -8.0	| Stags: 0	| Maulings: 3	| Forage: 1 | Mean Q-value: 3.1551	| Epsilon: 0.1000
[EP 701/2000] -> Total reward: -17.0	| Stags: 0	| Maulings: 6	| Forage: 1 | Mean Q-value: 3.0148	| Epsilon: 0.1000
[EP 751/2000] -> Total reward: -251.0	| Stags: 0	| Maulings: 84	| Forage: 1 | Mean Q-value: 2.5294	| Epsilon: 0.1000
[EP 801/2000] -> Total reward: -81.0	| Stags: 0	| Maulings: 27	| Forage: 0 | Mean Q-value: 2.3582	| Epsilon: 0.1000
[EP 851/2000] -> Total reward: -9.0	| Stags: 0	| Maulings: 3	| Forage: 0 | Mean Q-value: 2.1964	| Epsilon: 0.1000
[EP 901/2000] -> Total reward: -25.0	| Stags: 0	| Maulings: 9	| Forage: 2 | Mean Q-value: 2.0096	| Epsilon: 0.1000
[EP 951/2000] -> Total reward: -59.0	| Stags: 0	| Maulings: 20	| Forage: 1 | Mean Q-value: 1.8963	| Epsilon: 0.1000
[EP 1001/2000] -> Total reward: -20.0	| Stags: 0	| Maulings: 7	| Forage: 1 | Mean Q-value: 1.9009	| Epsilon: 0.1000
[EP 1051/2000] -> Total reward: -36.0	| Stags: 0	| Maulings: 12	| Forage: 0 | Mean Q-value: 2.0866	| Epsilon: 0.1000
[EP 1101/2000] -> Total reward: -17.0	| Stags: 0	| Maulings: 6	| Forage: 1 | Mean Q-value: 2.1128	| Epsilon: 0.1000
[EP 1151/2000] -> Total reward: -18.0	| Stags: 0	| Maulings: 6	| Forage: 0 | Mean Q-value: 2.0922	| Epsilon: 0.1000
[EP 1201/2000] -> Total reward: -19.0	| Stags: 0	| Maulings: 7	| Forage: 2 | Mean Q-value: 2.1763	| Epsilon: 0.1000
[EP 1251/2000] -> Total reward: -21.0	| Stags: 0	| Maulings: 7	| Forage: 0 | Mean Q-value: 3.8481	| Epsilon: 0.1000
[EP 1301/2000] -> Total reward: -242.0	| Stags: 0	| Maulings: 81	| Forage: 1 | Mean Q-value: 5.0120	| Epsilon: 0.1000
[EP 1351/2000] -> Total reward: 76.0	| Stags: 10	| Maulings: 8	| Forage: 0 | Mean Q-value: 6.6589	| Epsilon: 0.1000
[EP 1401/2000] -> Total reward: 200.0	| Stags: 22	| Maulings: 7	| Forage: 1 | Mean Q-value: 11.1707	| Epsilon: 0.1000
[EP 1451/2000] -> Total reward: 188.0	| Stags: 20	| Maulings: 4	| Forage: 0 | Mean Q-value: 19.8335	| Epsilon: 0.1000
[EP 1501/2000] -> Total reward: 142.0	| Stags: 15	| Maulings: 3	| Forage: 1 | Mean Q-value: 26.0630	| Epsilon: 0.1000
[EP 1551/2000] -> Total reward: 179.0	| Stags: 20	| Maulings: 7	| Forage: 0 | Mean Q-value: 28.0660	| Epsilon: 0.1000
[EP 1601/2000] -> Total reward: 161.0	| Stags: 20	| Maulings: 13	| Forage: 0 | Mean Q-value: 30.8473	| Epsilon: 0.1000
[EP 1651/2000] -> Total reward: 100.0	| Stags: 16	| Maulings: 20	| Forage: 0 | Mean Q-value: 33.2559	| Epsilon: 0.1000
[EP 1701/2000] -> Total reward: -218.0	| Stags: 0	| Maulings: 73	| Forage: 1 | Mean Q-value: 28.1810	| Epsilon: 0.1000
[EP 1751/2000] -> Total reward: 208.0	| Stags: 22	| Maulings: 4	| Forage: 0 | Mean Q-value: 27.7740	| Epsilon: 0.1000
[EP 1801/2000] -> Total reward: 196.0	| Stags: 21	| Maulings: 5	| Forage: 1 | Mean Q-value: 28.6813	| Epsilon: 0.1000
[EP 1851/2000] -> Total reward: 170.0	| Stags: 18	| Maulings: 4	| Forage: 2 | Mean Q-value: 28.2008	| Epsilon: 0.1000
[EP 1901/2000] -> Total reward: 202.0	| Stags: 22	| Maulings: 6	| Forage: 0 | Mean Q-value: 29.8630	| Epsilon: 0.1000
[EP 1951/2000] -> Total reward: 147.0	| Stags: 18	| Maulings: 11	| Forage: 0 | Mean Q-value: 32.7786	| Epsilon: 0.1000
