Training 2 agents using standardDQN algorithm for 2000 episodes with a maximum of 200 steps per episode.
/Users/enrico/Università/5-Anno/5.2-Semestre/Autonomous_and_Adaptive_Systems/AAS-Project/Stag-Hunt/aasvenv/lib/python3.12/site-packages/gymnasium/utils/passive_env_checker.py:244: UserWarning: [33mWARN: The reward returned by `step()` must be a float, int, np.integer or np.floating, actual type: <class 'tuple'>[0m
  logger.warn(
[EP 1/2000] -> Total reward: -217.0	| Stags: 0	| Maulings: 73	| Forage: 2 | Mean Q-value: 0.0857	| Epsilon: 0.9950
[EP 51/2000] -> Total reward: -136.0	| Stags: 0	| Maulings: 46	| Forage: 2 | Mean Q-value: 3.2222	| Epsilon: 0.7744
[EP 101/2000] -> Total reward: -73.0	| Stags: 0	| Maulings: 25	| Forage: 2 | Mean Q-value: 5.9430	| Epsilon: 0.6027
[EP 151/2000] -> Total reward: -65.0	| Stags: 0	| Maulings: 23	| Forage: 4 | Mean Q-value: 7.7432	| Epsilon: 0.4691
[EP 201/2000] -> Total reward: -40.0	| Stags: 0	| Maulings: 14	| Forage: 2 | Mean Q-value: 9.2450	| Epsilon: 0.3651
[EP 251/2000] -> Total reward: -39.0	| Stags: 0	| Maulings: 13	| Forage: 0 | Mean Q-value: 10.4412	| Epsilon: 0.2842
[EP 301/2000] -> Total reward: -15.0	| Stags: 1	| Maulings: 10	| Forage: 5 | Mean Q-value: 10.3873	| Epsilon: 0.2212
[EP 351/2000] -> Total reward: -30.0	| Stags: 0	| Maulings: 11	| Forage: 3 | Mean Q-value: 10.6611	| Epsilon: 0.1721
[EP 401/2000] -> Total reward: -13.0	| Stags: 0	| Maulings: 5	| Forage: 2 | Mean Q-value: 10.7134	| Epsilon: 0.1340
[EP 451/2000] -> Total reward: -16.0	| Stags: 0	| Maulings: 6	| Forage: 2 | Mean Q-value: 10.7514	| Epsilon: 0.1043
[EP 501/2000] -> Total reward: -3.0	| Stags: 0	| Maulings: 2	| Forage: 3 | Mean Q-value: 10.0655	| Epsilon: 0.1000
[EP 551/2000] -> Total reward: -9.0	| Stags: 0	| Maulings: 4	| Forage: 3 | Mean Q-value: 9.3983	| Epsilon: 0.1000
[EP 601/2000] -> Total reward: -6.0	| Stags: 0	| Maulings: 2	| Forage: 0 | Mean Q-value: 10.3734	| Epsilon: 0.1000
[EP 651/2000] -> Total reward: -34.0	| Stags: 0	| Maulings: 12	| Forage: 2 | Mean Q-value: 10.0534	| Epsilon: 0.1000
[EP 701/2000] -> Total reward: 205.0	| Stags: 22	| Maulings: 5	| Forage: 0 | Mean Q-value: 9.6885	| Epsilon: 0.1000
[EP 751/2000] -> Total reward: -69.0	| Stags: 0	| Maulings: 23	| Forage: 0 | Mean Q-value: 13.7998	| Epsilon: 0.1000
[EP 801/2000] -> Total reward: -197.0	| Stags: 7	| Maulings: 89	| Forage: 0 | Mean Q-value: 21.0015	| Epsilon: 0.1000
[EP 851/2000] -> Total reward: 170.0	| Stags: 19	| Maulings: 7	| Forage: 1 | Mean Q-value: 24.9581	| Epsilon: 0.1000
[EP 901/2000] -> Total reward: 176.0	| Stags: 20	| Maulings: 8	| Forage: 0 | Mean Q-value: 31.3833	| Epsilon: 0.1000
[EP 951/2000] -> Total reward: 132.0	| Stags: 15	| Maulings: 6	| Forage: 0 | Mean Q-value: 35.6243	| Epsilon: 0.1000
[EP 1001/2000] -> Total reward: 123.0	| Stags: 18	| Maulings: 19	| Forage: 0 | Mean Q-value: 37.7915	| Epsilon: 0.1000
[EP 1051/2000] -> Total reward: 148.0	| Stags: 18	| Maulings: 11	| Forage: 1 | Mean Q-value: 39.7408	| Epsilon: 0.1000
[EP 1101/2000] -> Total reward: 227.0	| Stags: 23	| Maulings: 1	| Forage: 0 | Mean Q-value: 40.3170	| Epsilon: 0.1000
[EP 1151/2000] -> Total reward: -21.0	| Stags: 0	| Maulings: 7	| Forage: 0 | Mean Q-value: 40.7226	| Epsilon: 0.1000
[EP 1201/2000] -> Total reward: 42.0	| Stags: 8	| Maulings: 13	| Forage: 1 | Mean Q-value: 41.6680	| Epsilon: 0.1000
[EP 1251/2000] -> Total reward: 57.0	| Stags: 11	| Maulings: 18	| Forage: 1 | Mean Q-value: 45.7926	| Epsilon: 0.1000
[EP 1301/2000] -> Total reward: 172.0	| Stags: 18	| Maulings: 3	| Forage: 1 | Mean Q-value: 43.4100	| Epsilon: 0.1000
[EP 1351/2000] -> Total reward: 71.0	| Stags: 16	| Maulings: 30	| Forage: 1 | Mean Q-value: 44.2932	| Epsilon: 0.1000
[EP 1401/2000] -> Total reward: 141.0	| Stags: 17	| Maulings: 10	| Forage: 1 | Mean Q-value: 41.9407	| Epsilon: 0.1000
[EP 1451/2000] -> Total reward: -272.0	| Stags: 0	| Maulings: 91	| Forage: 1 | Mean Q-value: 41.7046	| Epsilon: 0.1000
[EP 1501/2000] -> Total reward: 207.0	| Stags: 21	| Maulings: 1	| Forage: 0 | Mean Q-value: 41.8333	| Epsilon: 0.1000
[EP 1551/2000] -> Total reward: 198.0	| Stags: 21	| Maulings: 4	| Forage: 0 | Mean Q-value: 39.6738	| Epsilon: 0.1000
[EP 1601/2000] -> Total reward: -39.0	| Stags: 0	| Maulings: 13	| Forage: 0 | Mean Q-value: 42.5308	| Epsilon: 0.1000
[EP 1651/2000] -> Total reward: 123.0	| Stags: 16	| Maulings: 13	| Forage: 2 | Mean Q-value: 41.7244	| Epsilon: 0.1000
[EP 1701/2000] -> Total reward: -10.0	| Stags: 8	| Maulings: 30	| Forage: 0 | Mean Q-value: 40.2077	| Epsilon: 0.1000
[EP 1751/2000] -> Total reward: 184.0	| Stags: 19	| Maulings: 2	| Forage: 0 | Mean Q-value: 42.0373	| Epsilon: 0.1000
[EP 1801/2000] -> Total reward: 41.0	| Stags: 17	| Maulings: 43	| Forage: 0 | Mean Q-value: 42.6142	| Epsilon: 0.1000
[EP 1851/2000] -> Total reward: 214.0	| Stags: 22	| Maulings: 2	| Forage: 0 | Mean Q-value: 40.7914	| Epsilon: 0.1000
[EP 1901/2000] -> Total reward: -78.0	| Stags: 0	| Maulings: 26	| Forage: 0 | Mean Q-value: 40.5950	| Epsilon: 0.1000
[EP 1951/2000] -> Total reward: 169.0	| Stags: 19	| Maulings: 7	| Forage: 0 | Mean Q-value: 42.7876	| Epsilon: 0.1000
