Training 2 agents using vanillaDQN algorithm for 2000 episodes with a maximum of 200 steps per episode.
/Users/enrico/Università/5-Anno/5.2-Semestre/Autonomous_and_Adaptive_Systems/AAS-Project/Stag-Hunt/aasvenv/lib/python3.12/site-packages/gymnasium/utils/passive_env_checker.py:244: UserWarning: [33mWARN: The reward returned by `step()` must be a float, int, np.integer or np.floating, actual type: <class 'tuple'>[0m
  logger.warn(
[EP 1/2000] -> Total reward: -217.0	| Stags: 0	| Maulings: 73	| Forage: 2 | Mean Q-value: 3.4356	| Epsilon: 0.9950
[EP 51/2000] -> Total reward: -245.0	| Stags: 0	| Maulings: 82	| Forage: 1 | Mean Q-value: 1738688.0562	| Epsilon: 0.7744
[EP 101/2000] -> Total reward: -326.0	| Stags: 2	| Maulings: 116	| Forage: 2 | Mean Q-value: 271837.0859	| Epsilon: 0.6027
[EP 151/2000] -> Total reward: -414.0	| Stags: 0	| Maulings: 138	| Forage: 0 | Mean Q-value: 10191.2812	| Epsilon: 0.4691
[EP 201/2000] -> Total reward: -378.0	| Stags: 0	| Maulings: 126	| Forage: 0 | Mean Q-value: 96.5912	| Epsilon: 0.3651
[EP 251/2000] -> Total reward: -83.0	| Stags: 0	| Maulings: 28	| Forage: 1 | Mean Q-value: 34.0121	| Epsilon: 0.2842
[EP 301/2000] -> Total reward: -488.0	| Stags: 0	| Maulings: 163	| Forage: 1 | Mean Q-value: 3522.0637	| Epsilon: 0.2212
[EP 351/2000] -> Total reward: -401.0	| Stags: 0	| Maulings: 135	| Forage: 4 | Mean Q-value: -2.6803	| Epsilon: 0.1721
[EP 401/2000] -> Total reward: -14.0	| Stags: 0	| Maulings: 5	| Forage: 1 | Mean Q-value: 21.3670	| Epsilon: 0.1340
[EP 451/2000] -> Total reward: -188.0	| Stags: 0	| Maulings: 63	| Forage: 1 | Mean Q-value: 18.8138	| Epsilon: 0.1043
[EP 501/2000] -> Total reward: -341.0	| Stags: 3	| Maulings: 124	| Forage: 1 | Mean Q-value: 8.7115	| Epsilon: 0.1000
[EP 551/2000] -> Total reward: -410.0	| Stags: 0	| Maulings: 137	| Forage: 1 | Mean Q-value: 14.7647	| Epsilon: 0.1000
[EP 601/2000] -> Total reward: -60.0	| Stags: 0	| Maulings: 20	| Forage: 0 | Mean Q-value: 27.9895	| Epsilon: 0.1000
[EP 651/2000] -> Total reward: -138.0	| Stags: 6	| Maulings: 66	| Forage: 0 | Mean Q-value: 96.3512	| Epsilon: 0.1000
[EP 701/2000] -> Total reward: -34.0	| Stags: 0	| Maulings: 14	| Forage: 8 | Mean Q-value: 20.1183	| Epsilon: 0.1000
[EP 751/2000] -> Total reward: -164.0	| Stags: 1	| Maulings: 58	| Forage: 0 | Mean Q-value: 61.7747	| Epsilon: 0.1000
[EP 801/2000] -> Total reward: -24.0	| Stags: 0	| Maulings: 8	| Forage: 0 | Mean Q-value: 21.4534	| Epsilon: 0.1000
[EP 851/2000] -> Total reward: -75.0	| Stags: 0	| Maulings: 26	| Forage: 3 | Mean Q-value: 14.1840	| Epsilon: 0.1000
[EP 901/2000] -> Total reward: -19.0	| Stags: 1	| Maulings: 11	| Forage: 4 | Mean Q-value: 14.9444	| Epsilon: 0.1000
[EP 951/2000] -> Total reward: -63.0	| Stags: 0	| Maulings: 23	| Forage: 6 | Mean Q-value: 29.8647	| Epsilon: 0.1000
[EP 1001/2000] -> Total reward: -63.0	| Stags: 0	| Maulings: 21	| Forage: 0 | Mean Q-value: 30.0218	| Epsilon: 0.1000
[EP 1051/2000] -> Total reward: -66.0	| Stags: 0	| Maulings: 23	| Forage: 3 | Mean Q-value: 29.5480	| Epsilon: 0.1000
[EP 1101/2000] -> Total reward: -44.0	| Stags: 0	| Maulings: 16	| Forage: 4 | Mean Q-value: 21.0863	| Epsilon: 0.1000
[EP 1151/2000] -> Total reward: -48.0	| Stags: 0	| Maulings: 18	| Forage: 6 | Mean Q-value: 24.7646	| Epsilon: 0.1000
[EP 1201/2000] -> Total reward: -29.0	| Stags: 0	| Maulings: 11	| Forage: 4 | Mean Q-value: 21.3094	| Epsilon: 0.1000
[EP 1251/2000] -> Total reward: -336.0	| Stags: 1	| Maulings: 116	| Forage: 2 | Mean Q-value: 55.1604	| Epsilon: 0.1000
[EP 1301/2000] -> Total reward: -28.0	| Stags: 0	| Maulings: 11	| Forage: 5 | Mean Q-value: 26.1434	| Epsilon: 0.1000
[EP 1351/2000] -> Total reward: -47.0	| Stags: 6	| Maulings: 36	| Forage: 1 | Mean Q-value: 25.3710	| Epsilon: 0.1000
[EP 1401/2000] -> Total reward: 165.0	| Stags: 18	| Maulings: 5	| Forage: 0 | Mean Q-value: 27.6472	| Epsilon: 0.1000
[EP 1451/2000] -> Total reward: 90.0	| Stags: 17	| Maulings: 27	| Forage: 1 | Mean Q-value: 36.6873	| Epsilon: 0.1000
[EP 1501/2000] -> Total reward: -290.0	| Stags: 4	| Maulings: 111	| Forage: 3 | Mean Q-value: 78.6394	| Epsilon: 0.1000
[EP 1551/2000] -> Total reward: 151.0	| Stags: 16	| Maulings: 3	| Forage: 0 | Mean Q-value: 27.5721	| Epsilon: 0.1000
[EP 1601/2000] -> Total reward: 160.0	| Stags: 17	| Maulings: 4	| Forage: 2 | Mean Q-value: 34.9482	| Epsilon: 0.1000
[EP 1651/2000] -> Total reward: -127.0	| Stags: 4	| Maulings: 56	| Forage: 1 | Mean Q-value: 44.7097	| Epsilon: 0.1000
[EP 1701/2000] -> Total reward: -14.0	| Stags: 1	| Maulings: 8	| Forage: 0 | Mean Q-value: 40.6076	| Epsilon: 0.1000
[EP 1751/2000] -> Total reward: 146.0	| Stags: 17	| Maulings: 8	| Forage: 0 | Mean Q-value: 36.6861	| Epsilon: 0.1000
[EP 1801/2000] -> Total reward: -12.0	| Stags: 2	| Maulings: 11	| Forage: 1 | Mean Q-value: 36.4666	| Epsilon: 0.1000
[EP 1851/2000] -> Total reward: 40.0	| Stags: 16	| Maulings: 40	| Forage: 0 | Mean Q-value: 40.7695	| Epsilon: 0.1000
[EP 1901/2000] -> Total reward: -102.0	| Stags: 0	| Maulings: 34	| Forage: 0 | Mean Q-value: 39.6791	| Epsilon: 0.1000
[EP 1951/2000] -> Total reward: -33.0	| Stags: 0	| Maulings: 11	| Forage: 0 | Mean Q-value: 37.6152	| Epsilon: 0.1000
